[{"path":"/test/test_many_steps.vim","total_time":5.855752,"self_time":5.855752,"type":"script","lines":[{"self_time":1.8e-5,"count":1,"content":"let x = 0"},{"self_time":1.255137,"count":1000001,"content":"for i in range(1000000)  \" 1e6"},{"self_time":1.359367,"count":1000000,"content":"  let x += 1"},{"self_time":1.037135,"count":1000001,"content":"endfor"},{"self_time":2.3e-5,"count":1,"content":"echo x"},{"content":""}],"count":1}]
