[{"path":"/test/test_function.vim","total_time":1.03e-4,"self_time":7.9e-5,"type":"script","lines":[{"content":""},{"self_time":5.0e-6,"count":1,"content":"function!"},{"content":"      \\ F()"},{"content":"  echomsg"},{"content":"   \\ 'string'"},{"content":"   \\ . 'string'"},{"content":"  echo \"hello\""},{"content":"endfunction"},{"content":""},{"total_time":4.3e-5,"self_time":1.9e-5,"count":1,"content":"call F()"},{"content":""}],"count":1},{"defined":{"path":"/test/test_function.vim","line":3},"name":"F()","total_time":2.3e-5,"self_time":2.3e-5,"type":"function","lines":[{"self_time":1.4e-5,"count":1,"content":"  echomsg 'string' . 'string'"},{"self_time":3.0e-6,"count":1,"content":"  echo \"hello\""}],"count":1},{"type":"function_list","what":"TOTAL TIME","functions":[{"name":"F()","total_time":2.3e-5,"count":1}]},{"type":"function_list","what":"SELF TIME","functions":[{"name":"F()","self_time":2.3e-5,"count":1}]}]
