[{"path":"/test/test_numbers.vim","total_time":5.9e-5,"self_time":5.9e-5,"type":"script","lines":[{"content":""},{"self_time":6.0e-6,"count":1,"content":"123"},{"self_time":2.0e-6,"count":1,"content":"123  456  789"},{"content":""}],"count":1}]
