["TN:","SF:/test/test_function.vim","DA:2,1","DA:3,1","DA:6,1","BRF:0","BRH:0","LF:3","LH:3","end_of_content"]
