[{"path":"/home/luma/vim-make-plugin/vital-Luv/dev/ProfileParser/test_no_function.vim","total_time":1.57e-4,"self_time":1.57e-4,"type":"script","lines":[{"content":""},{"self_time":2.0e-5,"count":3,"content":"for i in range(2)"},{"content":""},{"self_time":3.0e-6,"count":2,"content":"  if i == 1"},{"self_time":3.0e-6,"count":1,"content":"    let a = round(0.5)"},{"self_time":1.5e-5,"count":1,"content":"    echo a"},{"self_time":1.0e-6,"count":1,"content":"  else"},{"self_time":1.5e-5,"count":1,"content":"    if x == 1 | let b = len([]) | endif"},{"content":"    echo b"},{"self_time":2.0e-6,"count":1,"content":"  endif"},{"self_time":9.0e-6,"count":2,"content":"endfor"},{"content":""}],"count":1}]
