[{"path":"/test/test_function.vim","total_time":1.49e-4,"self_time":1.42e-4,"type":"script","lines":[{"content":""},{"self_time":3.0e-6,"count":1,"content":"function! F()"},{"content":"  echomsg 'string'"},{"content":"endfunction"},{"content":""},{"total_time":5.0e-5,"self_time":4.3e-5,"count":1,"content":"call F()"},{"content":""}],"count":1},{"defined":{"path":"/test/test_function.vim","line":2},"name":"F()","total_time":8.0e-6,"self_time":8.0e-6,"type":"function","lines":[{"self_time":5.0e-6,"count":1,"content":"  echomsg 'string'"}],"count":0},{"type":"function_list","what":"TOTAL TIME","functions":[{"name":"F()","total_time":8.0e-6,"count":1}]},{"type":"function_list","what":"SELF TIME","functions":[{"name":"F()","self_time":8.0e-6,"count":1}]}]
