[{"path":"/test/test_function.vim","total_time":1.29e-4,"self_time":1.01e-4,"type":"script","lines":[{"content":""},{"self_time":7.0e-6,"count":1,"content":"function!"},{"content":"      \\ F()"},{"count":1,"content":"  echomsg"},{"content":"   \\ 'string'"},{"content":"   \\ . 'string'"},{"count":1,"content":"  echo \"hello\""},{"content":"endfunction"},{"content":""},{"total_time":4.0e-5,"self_time":1.2e-5,"count":1,"content":"call F()"},{"content":""}],"count":1}]
