[{"path":"/home/luma/vim-make-plugin/vital-Luv/dev/ProfileParser/test_comments.vim","total_time":7.9e-5,"self_time":7.9e-5,"type":"script","lines":[{"content":""},{"content":"\" comment1"},{"content":"  \" multibyte : コメント"},{"content":"  \""},{"content":"  \" no spaces"},{"content":"  \" spaces"},{"content":"  "},{"content":"  "},{"content":"  "},{"content":""},{"content":"          \"      nasty    comment"},{"content":"          \""},{"content":""}],"count":1}]
