[{"path":"/home/luma/vim-make-plugin/vital-Luv/dev/ProfileParser/test_many_steps.vim","total_time":4.42633,"self_time":4.42633,"type":"script","lines":[{"self_time":7.0e-6,"count":1,"content":"let x = 0"},{"self_time":0.996196,"count":1000001,"content":"for i in range(1000000)  \" 1e6"},{"self_time":1.13027,"count":1000000,"content":"  let x += 1"},{"self_time":0.801945,"count":1000001,"content":"endfor"},{"self_time":1.3e-5,"count":1,"content":"echo x"},{"content":""}],"count":1}]
